[netgon.ru/themeforest/royalspa_html/index.html]
[backblue.gif]
[fade.gif]
[index.html]
[netgon.ru/themeforest/royalspa_html/assets/img/touch/ms-touch-icon-144x144-precomposed.png]
[netgon.ru/themeforest/royalspa_html/assets/img/touch/chrome-touch-icon-192x192.png]
[netgon.ru/themeforest/royalspa_html/assets/img/touch/apple-touch-icon.png]
[netgon.ru/themeforest/royalspa_html/assets/css/style.css]
[netgon.ru/themeforest/royalspa_html/index-2.html]
[netgon.ru/themeforest/royalspa_html/index-slider.html]
[netgon.ru/themeforest/royalspa_html/index-video.html]
[netgon.ru/themeforest/royalspa_html/index-fixed-header.html]
[netgon.ru/themeforest/royalspa_html/service-1.html]
[netgon.ru/themeforest/royalspa_html/service-2.html]
[netgon.ru/themeforest/royalspa_html/service-details-1.html]
[netgon.ru/themeforest/royalspa_html/service-details-2.html]
[netgon.ru/themeforest/royalspa_html/service-details-3.html]
[netgon.ru/themeforest/royalspa_html/gallery-four-column.html]
[netgon.ru/themeforest/royalspa_html/gallery-three-column.html]
[netgon.ru/themeforest/royalspa_html/gallery-three-wide-column.html]
[netgon.ru/themeforest/royalspa_html/blog-post-list.html]
[netgon.ru/themeforest/royalspa_html/blog-post-single.html]
[netgon.ru/themeforest/royalspa_html/room-list.html]
[netgon.ru/themeforest/royalspa_html/room-details.html]
[netgon.ru/themeforest/royalspa_html/about.html]
[netgon.ru/themeforest/royalspa_html/contacts.html]
[netgon.ru/themeforest/royalspa_html/assets/img/logo.svg]
[netgon.ru/themeforest/royalspa_html/assets/img/upload/intro/home.jpg]
[netgon.ru/themeforest/royalspa_html/assets/img/decor.svg]
[netgon.ru/themeforest/royalspa_html/assets/img/icons/hot-stone-massage.svg]
[netgon.ru/themeforest/royalspa_html/assets/img/icons/relax.svg]
[netgon.ru/themeforest/royalspa_html/assets/img/icons/tool.svg]
[netgon.ru/themeforest/royalspa_html/assets/img/icons/bottle.svg]
[netgon.ru/themeforest/royalspa_html/assets/img/icons/people.svg]
[netgon.ru/themeforest/royalspa_html/assets/img/upload/full/spa-swimming-pool.jpg]
[netgon.ru/themeforest/royalspa_html/assets/img/upload/gallery/hm-spa_1.jpg]
[netgon.ru/themeforest/royalspa_html/assets/img/upload/full/spa-burn.jpg]
[netgon.ru/themeforest/royalspa_html/assets/img/upload/full/spa-harmony.jpg]
[netgon.ru/themeforest/royalspa_html/assets/img/upload/gallery/hm-spa_3.jpg]
[netgon.ru/themeforest/royalspa_html/assets/img/upload/full/spa-body.jpg]
[netgon.ru/themeforest/royalspa_html/assets/img/upload/gallery/hm-spa_4.jpg]
[netgon.ru/themeforest/royalspa_html/assets/img/upload/full/spa-aroma.jpg]
[netgon.ru/themeforest/royalspa_html/assets/img/upload/gallery/hm-spa_5.jpg]
[netgon.ru/themeforest/royalspa_html/assets/img/upload/full/spa-salt.jpg]
[netgon.ru/themeforest/royalspa_html/assets/img/upload/gallery/hm-spa_6.jpg]
[netgon.ru/themeforest/royalspa_html/assets/img/upload/full/spa-feet.jpg]
[netgon.ru/themeforest/royalspa_html/assets/img/upload/gallery/hm-spa_7.jpg]
[netgon.ru/themeforest/royalspa_html/assets/img/upload/full/spa-finnish-sauna.jpg]
[netgon.ru/themeforest/royalspa_html/assets/img/upload/gallery/hm-spa_8.jpg]
[netgon.ru/themeforest/royalspa_html/assets/img/upload/full/spa-agate.jpg]
[netgon.ru/themeforest/royalspa_html/assets/img/upload/gallery/hm-spa_9.jpg]
[netgon.ru/themeforest/royalspa_html/assets/img/upload/full/spa-pool.jpg]
[netgon.ru/themeforest/royalspa_html/assets/img/upload/gallery/hm-spa_10.jpg]
[netgon.ru/themeforest/royalspa_html/assets/img/bg-section.png]
[netgon.ru/themeforest/royalspa_html/assets/img/upload/intro/our-clients.jpg]
[netgon.ru/themeforest/royalspa_html/assets/img/upload/testimonials/item_1.jpg]
[netgon.ru/themeforest/royalspa_html/assets/img/upload/intro/preview_1.jpg]
[netgon.ru/themeforest/royalspa_html/assets/img/upload/categories/spa-item_1.jpg]
[netgon.ru/themeforest/royalspa_html/assets/img/upload/categories/spa-item_2.jpg]
[netgon.ru/themeforest/royalspa_html/assets/img/upload/categories/spa-item_4.jpg]
[netgon.ru/themeforest/royalspa_html/assets/img/upload/categories/spa-item_3.jpg]
[netgon.ru/themeforest/royalspa_html/assets/img/upload/categories/spa-item_5.jpg]
[netgon.ru/themeforest/royalspa_html/assets/img/upload/categories/packages.jpg]
[netgon.ru/themeforest/royalspa_html/assets/img/upload/categories/massages.jpg]
[netgon.ru/themeforest/royalspa_html/assets/img/upload/categories/make.jpg]
[netgon.ru/themeforest/royalspa_html/assets/img/upload/instagram_1.jpg]
[netgon.ru/themeforest/royalspa_html/assets/img/upload/instagram_2.jpg]
[netgon.ru/themeforest/royalspa_html/assets/img/upload/instagram_3.jpg]
[netgon.ru/themeforest/royalspa_html/assets/img/upload/instagram_4.jpg]
[netgon.ru/themeforest/royalspa_html/assets/img/upload/instagram_5.jpg]
[netgon.ru/themeforest/royalspa_html/assets/img/upload/instagram_6.jpg]
[netgon.ru/themeforest/royalspa_html/index.html]
[netgon.ru/themeforest/royalspa_html/assets/img/loading.gif]
[netgon.ru/themeforest/royalspa_html/assets/img/video-play.png]
[netgon.ru/themeforest/royalspa_html/assets/fonts/fontawesome-webfont5b62.woff2]
[netgon.ru/themeforest/royalspa_html/assets/js/bundle.js]
[netgon.ru/themeforest/royalspa_html/assets/fonts/fontawesome-webfont5b62.eot]
[netgon.ru/themeforest/royalspa_html/assets/fonts/fontawesome-webfontd41d.eot]
[netgon.ru/themeforest/royalspa_html/assets/fonts/Pe-icon-7-strokebb1d.woff]
[netgon.ru/themeforest/royalspa_html/assets/fonts/Pe-icon-7-stroked41d.eot]
[netgon.ru/themeforest/royalspa_html/assets/fonts/Pe-icon-7-strokebb1d.svg]
[netgon.ru/themeforest/royalspa_html/assets/img/cross.svg]
[netgon.ru/themeforest/royalspa_html/assets/img/man.svg]
[netgon.ru/themeforest/royalspa_html/assets/fonts/Pe-icon-7-strokebb1d.ttf]
[netgon.ru/themeforest/royalspa_html/assets/fonts/fontawesome-webfont5b62.ttf]
[netgon.ru/themeforest/royalspa_html/assets/css/style.css]
[netgon.ru/themeforest/royalspa_html/index-2.html]
[netgon.ru/themeforest/royalspa_html/assets/img/upload/intro/massage.jpg]
[netgon.ru/themeforest/royalspa_html/assets/img/upload/intro/hotel.jpg]
[netgon.ru/themeforest/royalspa_html/assets/img/upload/intro/taxi.jpg]
[netgon.ru/themeforest/royalspa_html/assets/img/upload/slides/history_1.jpg]
[netgon.ru/themeforest/royalspa_html/assets/img/upload/slides/history_2.jpg]
[netgon.ru/themeforest/royalspa_html/assets/img/upload/slides/history_3.jpg]
[netgon.ru/themeforest/royalspa_html/assets/img/upload/slides/history_4.jpg]
[netgon.ru/themeforest/royalspa_html/assets/img/upload/full/room-hotel.jpg]
[netgon.ru/themeforest/royalspa_html/assets/img/upload/gallery/hm-2_1.jpg]
[netgon.ru/themeforest/royalspa_html/assets/img/upload/full/room-royal-interior.jpg]
[netgon.ru/themeforest/royalspa_html/assets/img/upload/gallery/hm-2_2.jpg]
[netgon.ru/themeforest/royalspa_html/assets/img/upload/full/room-hall.jpg]
[netgon.ru/themeforest/royalspa_html/assets/img/upload/gallery/hm-2_3.jpg]
[netgon.ru/themeforest/royalspa_html/assets/img/upload/full/room-office.jpg]
[netgon.ru/themeforest/royalspa_html/assets/img/upload/gallery/hm-2_4.jpg]
[netgon.ru/themeforest/royalspa_html/assets/img/upload/full/room-hotel-3.jpg]
[netgon.ru/themeforest/royalspa_html/assets/img/upload/gallery/hm-2_5.jpg]
[netgon.ru/themeforest/royalspa_html/assets/img/upload/full/room-hotel-2.jpg]
[netgon.ru/themeforest/royalspa_html/assets/img/upload/gallery/hm-2_6.jpg]
[netgon.ru/themeforest/royalspa_html/assets/img/upload/intro/testimonials.jpg]
[netgon.ru/themeforest/royalspa_html/index-slider.html]
[netgon.ru/themeforest/royalspa_html/index-video.html]
[netgon.ru/themeforest/royalspa_html/index-fixed-header.html]
[netgon.ru/themeforest/royalspa_html/assets/img/upload/intro/swimming-pool.jpg]
[netgon.ru/themeforest/royalspa_html/assets/img/upload/services/item_1.jpg]
[netgon.ru/themeforest/royalspa_html/assets/img/upload/services/item_2.jpg]
[netgon.ru/themeforest/royalspa_html/assets/img/upload/services/item_3.jpg]
[netgon.ru/themeforest/royalspa_html/assets/img/upload/services/item_4.jpg]
[netgon.ru/themeforest/royalspa_html/service-1.html]
[netgon.ru/themeforest/royalspa_html/assets/img/upload/services_2/item_1.jpg]
[netgon.ru/themeforest/royalspa_html/assets/img/upload/services_2/item_2.jpg]
[netgon.ru/themeforest/royalspa_html/assets/img/upload/services_2/item_3.jpg]
[netgon.ru/themeforest/royalspa_html/assets/img/upload/services_2/item_4.jpg]
[netgon.ru/themeforest/royalspa_html/service-2.html]
[netgon.ru/themeforest/royalspa_html/assets/img/upload/intro/services-details-1.jpg]
[netgon.ru/themeforest/royalspa_html/assets/img/upload/services-details/item-1.jpg]
[netgon.ru/themeforest/royalspa_html/assets/img/upload/services-details/item-2.jpg]
[netgon.ru/themeforest/royalspa_html/assets/img/upload/services-details/item-3.jpg]
[netgon.ru/themeforest/royalspa_html/service-details-1.html]
[netgon.ru/themeforest/royalspa_html/assets/img/upload/services-details/slide.jpg]
[netgon.ru/themeforest/royalspa_html/service-details-2.html]
[netgon.ru/themeforest/royalspa_html/assets/img/upload/room/slide-1.jpg]
[netgon.ru/themeforest/royalspa_html/assets/img/upload/room/slide-2.jpg]
[netgon.ru/themeforest/royalspa_html/assets/img/upload/room/slide-3.jpg]
[netgon.ru/themeforest/royalspa_html/assets/img/upload/room/slide-4.jpg]
[netgon.ru/themeforest/royalspa_html/assets/img/upload/room/slide-5.jpg]
[netgon.ru/themeforest/royalspa_html/assets/img/upload/room/slide-6.jpg]
[netgon.ru/themeforest/royalspa_html/assets/img/upload/room/slide-7.jpg]
[netgon.ru/themeforest/royalspa_html/assets/img/upload/room/slide-8.jpg]
[netgon.ru/themeforest/royalspa_html/assets/img/upload/room/prev_1.jpg]
[netgon.ru/themeforest/royalspa_html/assets/img/upload/room/prev_2.jpg]
[netgon.ru/themeforest/royalspa_html/assets/img/upload/room/prev_3.jpg]
[netgon.ru/themeforest/royalspa_html/assets/img/upload/room/prev_4.jpg]
[netgon.ru/themeforest/royalspa_html/assets/img/upload/room/prev_5.jpg]
[netgon.ru/themeforest/royalspa_html/assets/img/upload/room/prev_6.jpg]
[netgon.ru/themeforest/royalspa_html/assets/img/upload/room/prev_7.jpg]
[netgon.ru/themeforest/royalspa_html/assets/img/upload/room/prev_8.jpg]
[netgon.ru/themeforest/royalspa_html/service-details-3.html]
[netgon.ru/themeforest/royalspa_html/assets/img/upload/intro/gallery.jpg]
[netgon.ru/themeforest/royalspa_html/assets/img/upload/gallery_1/hall-1.jpg]
[netgon.ru/themeforest/royalspa_html/assets/img/upload/full/room-sheraton-palace.jpg]
[netgon.ru/themeforest/royalspa_html/assets/img/upload/gallery_1/hall-2.jpg]
[netgon.ru/themeforest/royalspa_html/assets/img/upload/gallery_1/hall-4.jpg]
[netgon.ru/themeforest/royalspa_html/assets/img/upload/gallery_1/hall-5.jpg]
[netgon.ru/themeforest/royalspa_html/assets/img/upload/full/room-living-room.jpg]
[netgon.ru/themeforest/royalspa_html/assets/img/upload/gallery_1/hall-6.jpg]
[netgon.ru/themeforest/royalspa_html/assets/img/upload/gallery_1/hall-7.jpg]
[netgon.ru/themeforest/royalspa_html/assets/img/upload/full/room-palace.jpg]
[netgon.ru/themeforest/royalspa_html/assets/img/upload/gallery_1/hall-8.jpg]
[netgon.ru/themeforest/royalspa_html/assets/img/upload/gallery_1/room-1.jpg]
[netgon.ru/themeforest/royalspa_html/assets/img/upload/gallery_1/room-2.jpg]
[netgon.ru/themeforest/royalspa_html/assets/img/upload/gallery_1/room-4.jpg]
[netgon.ru/themeforest/royalspa_html/assets/img/upload/gallery_1/room-5.jpg]
[netgon.ru/themeforest/royalspa_html/assets/img/upload/gallery_1/room-6.jpg]
[netgon.ru/themeforest/royalspa_html/assets/img/upload/gallery_1/room-7.jpg]
[netgon.ru/themeforest/royalspa_html/assets/img/upload/gallery_1/room-8.jpg]
[netgon.ru/themeforest/royalspa_html/assets/img/upload/gallery_1/spa-1.jpg]
[netgon.ru/themeforest/royalspa_html/assets/img/upload/gallery_1/spa-2.jpg]
[netgon.ru/themeforest/royalspa_html/assets/img/upload/gallery_1/spa-4.jpg]
[netgon.ru/themeforest/royalspa_html/assets/img/upload/gallery_1/spa-5.jpg]
[netgon.ru/themeforest/royalspa_html/assets/img/upload/gallery_1/spa-6.jpg]
[netgon.ru/themeforest/royalspa_html/assets/img/upload/gallery_1/spa-7.jpg]
[netgon.ru/themeforest/royalspa_html/assets/img/upload/gallery_1/spa-8.jpg]
[netgon.ru/themeforest/royalspa_html/assets/img/upload/full/pool-architecture-2.jpg]
[netgon.ru/themeforest/royalspa_html/assets/img/upload/gallery_1/pool-1.jpg]
[netgon.ru/themeforest/royalspa_html/assets/img/upload/full/pool-swimming-pool.jpg]
[netgon.ru/themeforest/royalspa_html/assets/img/upload/gallery_1/pool-2.jpg]
[netgon.ru/themeforest/royalspa_html/assets/img/upload/full/pool-pool.jpg]
[netgon.ru/themeforest/royalspa_html/assets/img/upload/gallery_1/pool-4.jpg]
[netgon.ru/themeforest/royalspa_html/assets/img/upload/full/pool-women.jpg]
[netgon.ru/themeforest/royalspa_html/assets/img/upload/full/pool-swim.jpg]
[netgon.ru/themeforest/royalspa_html/assets/img/upload/gallery_1/pool-5.jpg]
[netgon.ru/themeforest/royalspa_html/assets/img/upload/full/pool-summer.jpg]
[netgon.ru/themeforest/royalspa_html/assets/img/upload/gallery_1/pool-6.jpg]
[netgon.ru/themeforest/royalspa_html/assets/img/upload/full/pool-flowers.jpg]
[netgon.ru/themeforest/royalspa_html/assets/img/upload/gallery_1/pool-7.jpg]
[netgon.ru/themeforest/royalspa_html/assets/img/upload/full/pool-swimming.jpg]
[netgon.ru/themeforest/royalspa_html/assets/img/upload/gallery_1/pool-8.jpg]
[netgon.ru/themeforest/royalspa_html/assets/img/upload/full/pool-architecture.jpg]
[netgon.ru/themeforest/royalspa_html/assets/img/upload/gallery_1/beach-1.jpg]
[netgon.ru/themeforest/royalspa_html/assets/img/upload/gallery_1/beach-2.jpg]
[netgon.ru/themeforest/royalspa_html/assets/img/upload/gallery_1/beach-4.jpg]
[netgon.ru/themeforest/royalspa_html/assets/img/upload/gallery_1/beach-5.jpg]
[netgon.ru/themeforest/royalspa_html/assets/img/upload/gallery_1/beach-6.jpg]
[netgon.ru/themeforest/royalspa_html/assets/img/upload/gallery_1/beach-7.jpg]
[netgon.ru/themeforest/royalspa_html/assets/img/upload/gallery_1/beach-8.jpg]
[netgon.ru/themeforest/royalspa_html/gallery-four-column.html]
[netgon.ru/themeforest/royalspa_html/assets/img/upload/gallery_2/hall-1.jpg]
[netgon.ru/themeforest/royalspa_html/assets/img/upload/gallery_2/hall-2.jpg]
[netgon.ru/themeforest/royalspa_html/assets/img/upload/gallery_2/hall-3.jpg]
[netgon.ru/themeforest/royalspa_html/assets/img/upload/gallery_2/hall-4.jpg]
[netgon.ru/themeforest/royalspa_html/assets/img/upload/gallery_2/hall-5.jpg]
[netgon.ru/themeforest/royalspa_html/assets/img/upload/gallery_2/hall-6.jpg]
[netgon.ru/themeforest/royalspa_html/assets/img/upload/gallery_2/hall-7.jpg]
[netgon.ru/themeforest/royalspa_html/assets/img/upload/gallery_2/hall-8.jpg]
[netgon.ru/themeforest/royalspa_html/assets/img/upload/gallery_2/room-1.jpg]
[netgon.ru/themeforest/royalspa_html/assets/img/upload/gallery_2/room-2.jpg]
[netgon.ru/themeforest/royalspa_html/assets/img/upload/gallery_2/room-3.jpg]
[netgon.ru/themeforest/royalspa_html/assets/img/upload/gallery_2/room-4.jpg]
[netgon.ru/themeforest/royalspa_html/assets/img/upload/gallery_2/room-5.jpg]
[netgon.ru/themeforest/royalspa_html/assets/img/upload/gallery_2/room-6.jpg]
[netgon.ru/themeforest/royalspa_html/assets/img/upload/gallery_2/room-7.jpg]
[netgon.ru/themeforest/royalspa_html/assets/img/upload/gallery_2/room-8.jpg]
[netgon.ru/themeforest/royalspa_html/assets/img/upload/gallery_2/spa-1.jpg]
[netgon.ru/themeforest/royalspa_html/assets/img/upload/gallery_2/spa-2.jpg]
[netgon.ru/themeforest/royalspa_html/assets/img/upload/gallery_2/spa-3.jpg]
[netgon.ru/themeforest/royalspa_html/assets/img/upload/gallery_2/spa-4.jpg]
[netgon.ru/themeforest/royalspa_html/assets/img/upload/gallery_2/spa-5.jpg]
[netgon.ru/themeforest/royalspa_html/assets/img/upload/full/spa-pedicure.jpg]
[netgon.ru/themeforest/royalspa_html/assets/img/upload/gallery_2/spa-6.jpg]
[netgon.ru/themeforest/royalspa_html/assets/img/upload/gallery_2/spa-7.jpg]
[netgon.ru/themeforest/royalspa_html/assets/img/upload/full/spa-plumeria.jpg]
[netgon.ru/themeforest/royalspa_html/assets/img/upload/gallery_2/spa-8.jpg]
[netgon.ru/themeforest/royalspa_html/assets/img/upload/gallery_2/pool-1.jpg]
[netgon.ru/themeforest/royalspa_html/assets/img/upload/gallery_2/pool-2.jpg]
[netgon.ru/themeforest/royalspa_html/assets/img/upload/gallery_2/pool-4.jpg]
[netgon.ru/themeforest/royalspa_html/assets/img/upload/gallery_2/pool-5.jpg]
[netgon.ru/themeforest/royalspa_html/assets/img/upload/gallery_2/pool-6.jpg]
[netgon.ru/themeforest/royalspa_html/assets/img/upload/gallery_2/pool-7.jpg]
[netgon.ru/themeforest/royalspa_html/assets/img/upload/gallery_2/pool-8.jpg]
[netgon.ru/themeforest/royalspa_html/assets/img/upload/gallery_2/beach-1.jpg]
[netgon.ru/themeforest/royalspa_html/assets/img/upload/gallery_2/beach-2.jpg]
[netgon.ru/themeforest/royalspa_html/assets/img/upload/gallery_2/beach-3.jpg]
[netgon.ru/themeforest/royalspa_html/assets/img/upload/gallery_2/beach-4.jpg]
[netgon.ru/themeforest/royalspa_html/assets/img/upload/gallery_2/beach-5.jpg]
[netgon.ru/themeforest/royalspa_html/assets/img/upload/gallery_2/beach-6.jpg]
[netgon.ru/themeforest/royalspa_html/assets/img/upload/gallery_2/beach-7.jpg]
[netgon.ru/themeforest/royalspa_html/assets/img/upload/gallery_2/beach-8.jpg]
[netgon.ru/themeforest/royalspa_html/gallery-three-column.html]
[netgon.ru/themeforest/royalspa_html/assets/img/upload/gallery_3/hall-1.jpg]
[netgon.ru/themeforest/royalspa_html/assets/img/upload/gallery_3/hall-2.jpg]
[netgon.ru/themeforest/royalspa_html/assets/img/upload/gallery_3/hall-3.jpg]
[netgon.ru/themeforest/royalspa_html/assets/img/upload/gallery_3/hall-4.jpg]
[netgon.ru/themeforest/royalspa_html/assets/img/upload/gallery_3/hall-5.jpg]
[netgon.ru/themeforest/royalspa_html/assets/img/upload/gallery_3/hall-6.jpg]
[netgon.ru/themeforest/royalspa_html/assets/img/upload/gallery_3/hall-7.jpg]
[netgon.ru/themeforest/royalspa_html/assets/img/upload/gallery_3/hall-8.jpg]
[netgon.ru/themeforest/royalspa_html/assets/img/upload/gallery_3/hall-9.jpg]
[netgon.ru/themeforest/royalspa_html/assets/img/upload/gallery_3/room-1.jpg]
[netgon.ru/themeforest/royalspa_html/assets/img/upload/gallery_3/room-2.jpg]
[netgon.ru/themeforest/royalspa_html/assets/img/upload/gallery_3/room-3.jpg]
[netgon.ru/themeforest/royalspa_html/assets/img/upload/gallery_3/room-4.jpg]
[netgon.ru/themeforest/royalspa_html/assets/img/upload/gallery_3/room-6.jpg]
[netgon.ru/themeforest/royalspa_html/assets/img/upload/gallery_3/room-7.jpg]
[netgon.ru/themeforest/royalspa_html/assets/img/upload/gallery_3/room-8.jpg]
[netgon.ru/themeforest/royalspa_html/assets/img/upload/gallery_3/room-9.jpg]
[netgon.ru/themeforest/royalspa_html/assets/img/upload/gallery_3/spa-1.jpg]
[netgon.ru/themeforest/royalspa_html/assets/img/upload/gallery_3/spa-2.jpg]
[netgon.ru/themeforest/royalspa_html/assets/img/upload/gallery_3/spa-4.jpg]
[netgon.ru/themeforest/royalspa_html/assets/img/upload/gallery_3/spa-5.jpg]
[netgon.ru/themeforest/royalspa_html/assets/img/upload/gallery_3/spa-6.jpg]
[netgon.ru/themeforest/royalspa_html/assets/img/upload/gallery_3/spa-7.jpg]
[netgon.ru/themeforest/royalspa_html/assets/img/upload/gallery_3/spa-8.jpg]
[netgon.ru/themeforest/royalspa_html/assets/img/upload/gallery_3/spa-9.jpg]
[netgon.ru/themeforest/royalspa_html/assets/img/upload/gallery_3/pool-1.jpg]
[netgon.ru/themeforest/royalspa_html/assets/img/upload/gallery_3/pool-2.jpg]
[netgon.ru/themeforest/royalspa_html/assets/img/upload/gallery_3/pool-3.jpg]
[netgon.ru/themeforest/royalspa_html/assets/img/upload/gallery_3/pool-4.jpg]
[netgon.ru/themeforest/royalspa_html/assets/img/upload/gallery_3/pool-5.jpg]
[netgon.ru/themeforest/royalspa_html/assets/img/upload/gallery_3/pool-6.jpg]
[netgon.ru/themeforest/royalspa_html/assets/img/upload/gallery_3/pool-7.jpg]
[netgon.ru/themeforest/royalspa_html/assets/img/upload/gallery_3/pool-8.jpg]
[netgon.ru/themeforest/royalspa_html/assets/img/upload/gallery_3/pool-9.jpg]
[netgon.ru/themeforest/royalspa_html/assets/img/upload/gallery_3/beach-1.jpg]
[netgon.ru/themeforest/royalspa_html/assets/img/upload/gallery_3/beach-2.jpg]
[netgon.ru/themeforest/royalspa_html/assets/img/upload/gallery_3/beach-3.jpg]
[netgon.ru/themeforest/royalspa_html/assets/img/upload/gallery_3/beach-4.jpg]
[netgon.ru/themeforest/royalspa_html/assets/img/upload/gallery_3/beach-5.jpg]
[netgon.ru/themeforest/royalspa_html/assets/img/upload/gallery_3/beach-7.jpg]
[netgon.ru/themeforest/royalspa_html/assets/img/upload/gallery_3/beach-8.jpg]
[netgon.ru/themeforest/royalspa_html/assets/img/upload/gallery_3/beach-9.jpg]
[netgon.ru/themeforest/royalspa_html/gallery-three-wide-column.html]
[netgon.ru/themeforest/royalspa_html/assets/img/upload/intro/blog.jpg]
[netgon.ru/themeforest/royalspa_html/assets/img/upload/blog_1.jpg]
[netgon.ru/themeforest/royalspa_html/assets/img/upload/blog_3.jpg]
[netgon.ru/themeforest/royalspa_html/assets/img/upload/recept_2.jpg]
[netgon.ru/themeforest/royalspa_html/assets/img/upload/recept_3.jpg]
[netgon.ru/themeforest/royalspa_html/blog-post-list.html]
[netgon.ru/themeforest/royalspa_html/assets/img/upload/post_1.jpg]
[netgon.ru/themeforest/royalspa_html/assets/img/upload/post_2.jpg]
[netgon.ru/themeforest/royalspa_html/assets/img/upload/post_4.jpg]
[netgon.ru/themeforest/royalspa_html/assets/img/upload/post_3.jpg]
[netgon.ru/themeforest/royalspa_html/assets/img/upload/avatar_1.jpg]
[netgon.ru/themeforest/royalspa_html/assets/img/upload/avatar_2.jpg]
[netgon.ru/themeforest/royalspa_html/assets/img/upload/avatar_3.jpg]
[netgon.ru/themeforest/royalspa_html/assets/img/upload/avatar_4.jpg]
[netgon.ru/themeforest/royalspa_html/blog-post-single.html]
[netgon.ru/themeforest/royalspa_html/assets/img/upload/intro/room.jpg]
[netgon.ru/themeforest/royalspa_html/assets/img/upload/room/room_1.jpg]
[netgon.ru/themeforest/royalspa_html/assets/img/upload/room/room_2.jpg]
[netgon.ru/themeforest/royalspa_html/assets/img/upload/intro/room-mayor.jpg]
[netgon.ru/themeforest/royalspa_html/room-list.html]
[netgon.ru/themeforest/royalspa_html/room-details.html]
[netgon.ru/themeforest/royalspa_html/assets/img/upload/intro/about.jpg]
[netgon.ru/themeforest/royalspa_html/assets/img/upload/about/story_man.png]
[netgon.ru/themeforest/royalspa_html/assets/img/upload/about/team_1.jpg]
[netgon.ru/themeforest/royalspa_html/assets/img/upload/about/team_2.jpg]
[netgon.ru/themeforest/royalspa_html/assets/img/upload/about/team_3.jpg]
[netgon.ru/themeforest/royalspa_html/assets/img/upload/about/team_4.jpg]
[netgon.ru/themeforest/royalspa_html/about.html]
[netgon.ru/themeforest/royalspa_html/contacts.html]
[netgon.ru/themeforest/royalspa_html/assets/img/logo.svg]
[netgon.ru/themeforest/royalspa_html/assets/img/decor.svg]
[netgon.ru/themeforest/royalspa_html/assets/img/icons/hot-stone-massage.svg]
[netgon.ru/themeforest/royalspa_html/assets/img/icons/relax.svg]
[netgon.ru/themeforest/royalspa_html/assets/img/icons/tool.svg]
[netgon.ru/themeforest/royalspa_html/assets/img/icons/bottle.svg]
[netgon.ru/themeforest/royalspa_html/assets/img/icons/people.svg]
[netgon.ru/themeforest/royalspa_html/assets/img/upload/categories/spa-item_6.jpg]
[netgon.ru/themeforest/royalspa_html/assets/fonts/bootstrap/glyphicons-halflings-regular.html]
[netgon.ru/themeforest/royalspa_html/assets/fonts/bootstrap/glyphicons-halflings-regulard41d.html]
[netgon.ru/themeforest/royalspa_html/assets/fonts/bootstrap/glyphicons-halflings-regular-2.html]
[netgon.ru/themeforest/royalspa_html/assets/fonts/bootstrap/glyphicons-halflings-regular-3.html]
[netgon.ru/themeforest/royalspa_html/assets/fonts/bootstrap/glyphicons-halflings-regular-4.html]
[netgon.ru/themeforest/royalspa_html/assets/fonts/bootstrap/glyphicons-halflings-regular-5.html]
[netgon.ru/themeforest/royalspa_html/assets/css/owl.video.play.html]
[netgon.ru/themeforest/royalspa_html/assets/img/error.html]
[netgon.ru/themeforest/royalspa_html/assets/img/play-pause.html]
[netgon.ru/themeforest/royalspa_html/assets/img/error-2.html]
[netgon.ru/themeforest/royalspa_html/assets/img/play-pause-2.html]
[netgon.ru/themeforest/royalspa_html/assets/img/video-play.svg]
[netgon.ru/themeforest/royalspa_html/assets/img/upload/categories/aromatherapy.jpg]
[netgon.ru/themeforest/royalspa_html/assets/fonts/fontawesome-webfont5b62.woff]
[netgon.ru/themeforest/royalspa_html/assets/fonts/fontawesome-webfont5b62.svg]
[netgon.ru/themeforest/royalspa_html/assets/fonts/Pe-icon-7-strokebb1d.eot]
[netgon.ru/themeforest/royalspa_html/assets/fonts/Pe-icon-7-strokebb1d.svg]
[netgon.ru/themeforest/royalspa_html/assets/img/cross.svg]
[netgon.ru/themeforest/royalspa_html/assets/img/man.svg]
[netgon.ru/themeforest/royalspa_html/assets/css/index.html]
[netgon.ru/themeforest/royalspa_html/assets/img/upload/intro/girl.jpg]
[netgon.ru/themeforest/royalspa_html/assets/img/upload/services_2/item_5.jpg]
[netgon.ru/themeforest/royalspa_html/assets/img/upload/gallery_2/pool-3.jpg]
[netgon.ru/themeforest/royalspa_html/assets/img/upload/gallery_3/room-5.jpg]
[netgon.ru/themeforest/royalspa_html/assets/img/upload/gallery_3/spa-3.jpg]
[netgon.ru/themeforest/royalspa_html/assets/img/upload/gallery_3/beach-6.jpg]
[netgon.ru/themeforest/royalspa_html/assets/img/upload/recept_1.jpg]
[netgon.ru/themeforest/royalspa_html/assets/img/upload/about/about_bg.jpg]
[netgon.ru/themeforest/royalspa_html/assets/fonts/fontawesome-webfont5b62.svg]
